  Γû▓ Next.js 14.2.18

   Creating an optimized production build ...
   Disabled SWC as replacement for Babel because of custom Babel configuration ".babelrc" https://nextjs.org/docs/messages/swc-disabled
   Using external babel configuration from C:\Users\DELL USER\Documents\GrantFox\Talenttrust-Frontend\.babelrc
node.exe :  ΓÜá It looks like there is a custom Babel configuration that can be removed.
At line:1 char:1
+ & "C:\Program Files\nodejs/node.exe" "C:\Program Files\nodejs/node_mo ...
+ ~~~~~~~~~~~~~~~~~~~~~~~~~~~~~~~~~~~~~~~~~~~~~~~~~~~~~~~~~~~~~~~~~~~~~
    + CategoryInfo          : NotSpecified: ( ΓÜá It looks l...can be removed.:String) [], RemoteExceptio 
   n
    + FullyQualifiedErrorId : NativeCommandError
 
   Disabled SWC as replacement for Babel because of custom Babel configuration ".babelrc" https://nextjs.org/docs/messages/swc-disabled
   Disabled SWC as replacement for Babel because of custom Babel configuration ".babelrc" https://nextjs.org/docs/messages/swc-disabled
   Using external babel configuration from C:\Users\DELL USER\Documents\GrantFox\Talenttrust-Frontend\.babelrc
 ΓÜá It looks like there is a custom Babel configuration that can be removed.
 Γ£ô Compiled successfully
   Linting and checking validity of types ...
   Collecting page data ...
   Generating static pages (0/7) ...
   Generating static pages (1/7) 
   Generating static pages (3/7) 
   Generating static pages (5/7) 
 Γ£ô Generating static pages (7/7)
   Finalizing page optimization ...
   Collecting build traces ...

Route (app)                              Size     First Load JS
Γöî Γùï /                                    3.75 kB        98.5 kB
Γö£ Γùï /_not-found                          138 B          94.9 kB
Γö£ Γùï /contracts                           1.38 kB        96.1 kB
Γö£ ╞Æ /contracts/[id]                      4.39 kB         107 kB
Γö£ Γùï /milestones                          1.38 kB        96.1 kB
Γöö Γùï /reputation                          1.18 kB        95.9 kB
+ First Load JS shared by all            94.7 kB
  Γö£ chunks/529-072437225d6345d7.js       39.1 kB
  Γö£ chunks/fd9d1056-d80210a06447c655.js  53.6 kB
  Γöö other shared chunks (total)          1.96 kB


Γùï  (Static)   prerendered as static content
╞Æ  (Dynamic)  server-rendered on demand

